// Jest Snapshot v1, https://goo.gl/fbAQLP

exports[`Top Bar component Displays applications menu 1`] = `
<header aria-label="Top bar" class="oc-topbar uk-flex uk-flex-middle uk-flex-wrap oc-border-b oc-p-s">
  <oc-grid-stub gutter="medium" flex="">
    <div class="uk-hidden@l">
      <oc-button-stub appearance="raw" aria-label="Open navigation menu" class="oc-m-s oc-app-navigation-toggle">
        <oc-icon-stub name="menu"></oc-icon-stub>
      </oc-button-stub>
    </div>
    <!---->
  </oc-grid-stub>
  <oc-grid-stub flex="" gutter="small" class="uk-width-expand uk-flex-right oc-m-rm">
    <feedback-link-stub></feedback-link-stub>
    <!---->
    <applications-menu-stub applicationslist="testApp"></applications-menu-stub>
    <user-menu-stub userid="einstein" userdisplayname="Albert Einstein" applicationslist="testApp"></user-menu-stub>
  </oc-grid-stub>
</header>
`;

exports[`Top Bar component when search bar hidden globally Hides search bar even if not disabled for specified route 1`] = `
<header aria-label="Top bar" class="oc-topbar uk-flex uk-flex-middle uk-flex-wrap oc-border-b oc-p-s">
  <oc-grid-stub gutter="medium" flex="">
    <div class="uk-hidden@l">
      <oc-button-stub appearance="raw" aria-label="Open navigation menu" class="oc-m-s oc-app-navigation-toggle">
        <oc-icon-stub name="menu"></oc-icon-stub>
      </oc-button-stub>
    </div>
    <!---->
  </oc-grid-stub>
  <oc-grid-stub flex="" gutter="small" class="uk-width-expand uk-flex-right oc-m-rm">
    <feedback-link-stub></feedback-link-stub>
    <!---->
    <!---->
    <user-menu-stub userid="einstein" userdisplayname="Albert Einstein" applicationslist=""></user-menu-stub>
  </oc-grid-stub>
</header>
`;

exports[`Top Bar component when search bar hidden globally Hides the search bar if disabled for specified route 1`] = `
<header aria-label="Top bar" class="oc-topbar uk-flex uk-flex-middle uk-flex-wrap oc-border-b oc-p-s">
  <oc-grid-stub gutter="medium" flex="">
    <div class="uk-hidden@l">
      <oc-button-stub appearance="raw" aria-label="Open navigation menu" class="oc-m-s oc-app-navigation-toggle">
        <oc-icon-stub name="menu"></oc-icon-stub>
      </oc-button-stub>
    </div>
    <!---->
  </oc-grid-stub>
  <oc-grid-stub flex="" gutter="small" class="uk-width-expand uk-flex-right oc-m-rm">
    <feedback-link-stub></feedback-link-stub>
    <!---->
    <!---->
    <user-menu-stub userid="einstein" userdisplayname="Albert Einstein" applicationslist=""></user-menu-stub>
  </oc-grid-stub>
</header>
`;

exports[`Top Bar component when search bar visible globally Displays search bar if not disabled for specified route 1`] = `
<header aria-label="Top bar" class="oc-topbar uk-flex uk-flex-middle uk-flex-wrap oc-border-b oc-p-s">
  <oc-grid-stub gutter="medium" flex="">
    <div class="uk-hidden@l">
      <oc-button-stub appearance="raw" aria-label="Open navigation menu" class="oc-m-s oc-app-navigation-toggle">
        <oc-icon-stub name="menu"></oc-icon-stub>
      </oc-button-stub>
    </div>
    <search-bar-stub></search-bar-stub>
  </oc-grid-stub>
  <oc-grid-stub flex="" gutter="small" class="uk-width-expand uk-flex-right oc-m-rm">
    <feedback-link-stub></feedback-link-stub>
    <!---->
    <!---->
    <user-menu-stub userid="einstein" userdisplayname="Albert Einstein" applicationslist=""></user-menu-stub>
  </oc-grid-stub>
</header>
`;

exports[`Top Bar component when search bar visible globally Hides the search bar if disabled for specified route 1`] = `
<header aria-label="Top bar" class="oc-topbar uk-flex uk-flex-middle uk-flex-wrap oc-border-b oc-p-s">
  <oc-grid-stub gutter="medium" flex="">
    <div class="uk-hidden@l">
      <oc-button-stub appearance="raw" aria-label="Open navigation menu" class="oc-m-s oc-app-navigation-toggle">
        <oc-icon-stub name="menu"></oc-icon-stub>
      </oc-button-stub>
    </div>
    <!---->
  </oc-grid-stub>
  <oc-grid-stub flex="" gutter="small" class="uk-width-expand uk-flex-right oc-m-rm">
    <feedback-link-stub></feedback-link-stub>
    <!---->
    <!---->
    <user-menu-stub userid="einstein" userdisplayname="Albert Einstein" applicationslist=""></user-menu-stub>
  </oc-grid-stub>
</header>
`;
